[22:07:41] ARM1 start
[22:07:41] arm1 count 1core r1 (cpus=2,10)
[22:08:06] arm1 rows  1core r1 (cpus=2,10)
[22:08:38] arm1 count 1hw r1 (cpus=2)
[22:09:02] arm1 rows  1hw r1 (cpus=2)
[22:09:33] arm1 count 1core r2 (cpus=2,10)
[22:09:58] arm1 rows  1core r2 (cpus=2,10)
[22:10:28] arm1 count 1hw r2 (cpus=2)
[22:10:52] arm1 rows  1hw r2 (cpus=2)
[22:11:23] arm1 count 1core r3 (cpus=2,10)
[22:11:47] arm1 rows  1core r3 (cpus=2,10)
[22:12:18] arm1 count 1hw r3 (cpus=2)
[22:12:42] arm1 rows  1hw r3 (cpus=2)
[22:13:13] ARM1 done
[22:13:13] draining cassandra
[22:13:25] cassandra stopped
[22:13:27] ARM2a start
[22:13:27] arm2a scan 1core r1
[22:13:46] arm2a scan 1hw r1
[22:14:06] arm2a scan 1core r2
[22:14:25] arm2a scan 1hw r2
[22:14:45] arm2a scan 1core r3
[22:15:05] arm2a scan 1hw r3
[22:15:25] ARM2a done
[22:15:25] AC5 fold digest
pass 0 (cold): rows=3999890 cells=47998680 secs=11.499970 rows_per_sec=347817.4 arrow_payload_bytes=0 digest=0x4903ffa446163c4b io_read_bytes=0 io_rchar=186 io_syscr=12
{"schema":"ws0-scan-harness/v1","mode":"Scan","keyspace":"ws0","table":"events","sql":"SELECT * FROM ws0.events","passes":1,"reopen_each_pass":false,"no_fold":false,"worker_threads":1,"rows_per_pass":3999890,"cells_per_pass":47998680,"cells_per_row":12.0,"digest":"0x4903ffa446163c4b","arrow_payload_bytes_per_pass":0,"cold_secs":11.499970112,"cold_rows_per_sec":347817.42570149736,"warm_rows_per_sec":null,"all_pass_rows_total":3999890,"all_pass_secs_total":11.499970112,"perf_denominator_rows":3999890,"perf_denominator_cells":47998680,"peak_rss_kib":1040916,"proc_io_start":{"cancelled_write_bytes":0,"rchar":13579,"read_bytes":0,"syscr":22,"syscw":0,"wchar":0,"write_bytes":0},"proc_io_end":{"cancelled_write_bytes":0,"rchar":3099344,"read_bytes":0,"syscr":133,"syscw":119717,"wchar":957698,"write_bytes":4096}}
[22:15:37] ARM2b start
[22:15:37] arm2b flight bypass 1core r1
[22:18:51] arm2b flight merge  1core r1
[22:22:06] arm2b flight bypass 1hw r1
[22:25:30] arm2b flight merge  1hw r1
[22:29:13] arm2b flight bypass 1core r2
[22:32:49] arm2b flight merge  1core r2
[22:36:07] arm2b flight bypass 1hw r2
[22:39:28] arm2b flight merge  1hw r2
[22:43:11] arm2b flight bypass 1core r3
[22:46:26] arm2b flight merge  1core r3
[22:49:36] arm2b flight bypass 1hw r3
[22:52:55] arm2b flight merge  1hw r3
[22:56:37] ARM2b done
[22:56:37] PART A BATTERY COMPLETE
