[01:38:02] PART C COLD start, device=nvme0n1p1
/etc/sudoers.d/axonops:1:50: wildcards are not allowed in command arguments
axonops ALL=NOPASSWD: /sbin/service cassandra *, /usr/bin/systemctl * cassandra*
                                                 ^~~~~~~~~~~~~~~~~~~~~~~~~~~~~~~
[01:38:08] coldN=1 loadgen 60s
/etc/sudoers.d/axonops:1:50: wildcards are not allowed in command arguments
axonops ALL=NOPASSWD: /sbin/service cassandra *, /usr/bin/systemctl * cassandra*
                                                 ^~~~~~~~~~~~~~~~~~~~~~~~~~~~~~~
[01:39:19] coldN=2 loadgen 60s
/etc/sudoers.d/axonops:1:50: wildcards are not allowed in command arguments
axonops ALL=NOPASSWD: /sbin/service cassandra *, /usr/bin/systemctl * cassandra*
                                                 ^~~~~~~~~~~~~~~~~~~~~~~~~~~~~~~
[01:40:49] coldN=4 loadgen 60s
/etc/sudoers.d/axonops:1:50: wildcards are not allowed in command arguments
axonops ALL=NOPASSWD: /sbin/service cassandra *, /usr/bin/systemctl * cassandra*
                                                 ^~~~~~~~~~~~~~~~~~~~~~~~~~~~~~~
[01:42:50] coldN=8 loadgen 60s
/etc/sudoers.d/axonops:1:50: wildcards are not allowed in command arguments
axonops ALL=NOPASSWD: /sbin/service cassandra *, /usr/bin/systemctl * cassandra*
                                                 ^~~~~~~~~~~~~~~~~~~~~~~~~~~~~~~
[01:45:02] coldN=16 loadgen 60s
[01:49:28] PART C COLD COMPLETE
