Datacenter: datacenter1
=======================
Status=Up/Down
|/ State=Normal/Leaving/Joining/Moving
--  Address    Load        Tokens  Owns (effective)  Host ID                               Rack 
UN  127.0.0.1  114.72 KiB  16      100.0%            3b32b64d-4755-44e4-9be7-979afe3502c3  rack1

Heap Memory (MB)       : 814.10 / 8192.00
Off Heap Memory (MB)   : 0.00
### profile: /home/ubuntu/ws0/ws0-corpus/.gen-p200000-pl375x6-ba96x3-bb96x16-cl2x10.yaml
        size: fixed(16)
        population: uniform(1..1000000000)
        cluster: fixed(2)
        population: uniform(1..1000000)   # wide => the draws are ~always distinct => real rows
        cluster: fixed(10)
        population: uniform(1..100000000)
        population: uniform(1..4000)
        population: uniform(1..100000)
        population: uniform(1..100000000)
        population: uniform(1..100000)
        size: fixed(8)
        population: uniform(1..6)
        size: fixed(12)
        population: uniform(1..8)
        size: fixed(375)
        population: uniform(1..6)
        size: fixed(96)
        population: uniform(1..3)
        size: fixed(96)
        population: uniform(1..16)
### loading 200000 partitions x 20 rows/partition (~4000000 rows)
### stress: 8 threads, client JVM_OPTS='-Xms512M -Xmx4G', batches of 50000 partitions
--- batch 1: partitions 1..50000 (n=50000)
      Op rate                   :    7,251 op/s  [insert: 7,251 op/s]
      Row rate                  :  145,024 row/s [insert: 145,024 row/s]
      Total partitions          :     50,000 [insert: 50,000]
      Total errors              :          0 [insert: 0]
      mem: Mem:            30Gi       9.9Gi        10Gi        86Mi        10Gi        20Gi
--- batch 2: partitions 50001..100000 (n=50000)
      Op rate                   :    9,150 op/s  [insert: 9,150 op/s]
      Row rate                  :  182,991 row/s [insert: 182,991 row/s]
      Total partitions          :     50,000 [insert: 50,000]
      Total errors              :          0 [insert: 0]
      mem: Mem:            30Gi        10Gi        10Gi        86Mi        10Gi        20Gi
--- batch 3: partitions 100001..150000 (n=50000)
      Op rate                   :    8,291 op/s  [insert: 8,291 op/s]
      Row rate                  :  165,818 row/s [insert: 165,818 row/s]
      Total partitions          :     50,000 [insert: 50,000]
      Total errors              :          0 [insert: 0]
      mem: Mem:            30Gi        10Gi        10Gi        86Mi        10Gi        20Gi
--- batch 4: partitions 150001..200000 (n=50000)
      Op rate                   :    9,102 op/s  [insert: 9,102 op/s]
      Row rate                  :  182,043 row/s [insert: 182,043 row/s]
      Total partitions          :     50,000 [insert: 50,000]
      Total errors              :          0 [insert: 0]
      mem: Mem:            30Gi        10Gi        10Gi        86Mi        11Gi        20Gi
### nodetool flush + nodetool compact (DISCLOSURE: yields ONE SSTable, so a scan
###   is a single sequential pass and k-way merge is removed from the picture)

real	0m25.660s
user	0m1.700s
sys	0m0.147s
ls: cannot access '/home/ubuntu/ws0/cassandra-data/data/ws0/events-*/*-Data.db': No such file or directory
### sstable dir: .
total 752
-rw-r--r-- 1 ubuntu ubuntu   6325 Apr 10 09:37 CASSANDRA-14092.txt
-rw-r--r-- 1 ubuntu ubuntu 520799 Apr 10 09:37 CHANGES.txt
-rw-r--r-- 1 ubuntu ubuntu  13647 Apr 10 09:37 LICENSE.txt
-rw-r--r-- 1 ubuntu ubuntu 185817 Apr 10 09:37 NEWS.txt
-rw-r--r-- 1 ubuntu ubuntu    345 Apr 10 09:37 NOTICE.txt
drwxr-xr-x 2 ubuntu ubuntu   4096 Jul 31 21:41 bin
drwxr-xr-x 3 ubuntu ubuntu   4096 Jul 31 21:41 conf
drwxrwxr-x 6 ubuntu ubuntu   4096 Jul 31 21:51 data
drwxr-xr-x 3 ubuntu ubuntu   4096 Jul 31 21:41 doc
drwxr-xr-x 5 ubuntu ubuntu   4096 Jul 31 21:41 lib
drwxr-xr-x 3 ubuntu ubuntu   4096 Jul 31 21:41 pylib
drwxr-xr-x 4 ubuntu ubuntu   4096 Jul 31 21:41 tools
ls: cannot access './*-Data.db': No such file or directory
