[
  {
    "id": "00a6220f-d42c-4f49-938e-08ada7ddc398",
    "metadata_map": [
      {
        "key": "decide",
        "value": 660274
      },
      {
        "key": "give",
        "value": 369790
      },
      {
        "key": "summer",
        "value": 349795
      },
      {
        "key": "town",
        "value": 584198
      }
    ],
    "numbers_set": [],
    "ordered_values": [
      "2025-01-06 01:12:06.704+0000",
      "2025-02-02 01:12:06.704+0000",
      "2025-03-26 01:12:06.704+0000"
    ],
    "properties": null,
    "scores": null,
    "tags": null
  },
  {
    "id": "013ba6da-bce5-4cd8-b3a0-a5b20c211e4c",
    "metadata_map": [
      {
        "key": "every",
        "value": 787799
      },
      {
        "key": "goal",
        "value": 392470
      },
      {
        "key": "line",
        "value": 12539
      },
      {
        "key": "rule",
        "value": 36099
      },
      {
        "key": "when",
        "value": 84775
      }
    ],
    "numbers_set": [],
    "ordered_values": [
      "2024-11-15 01:12:07.038+0000",
      "2025-01-15 01:12:07.038+0000",
      "2025-01-11 01:12:07.038+0000"
    ],
    "properties": null,
    "scores": null,
    "tags": null
  }
]
