[
  {
    "id": "00a6220f-d42c-4f49-938e-08ada7ddc398",
    "metadata_map": [
      {
        "key": "decide",
        "value": 660274
      },
      {
        "key": "give",
        "value": 369790
      },
      {
        "key": "summer",
        "value": 349795
      },
      {
        "key": "town",
        "value": 584198
      }
    ],
    "numbers_set": [],
    "ordered_values": [
      1736125926704,
      1738458726704,
      1742951526704
    ]
  },
  {
    "id": "013ba6da-bce5-4cd8-b3a0-a5b20c211e4c",
    "metadata_map": [
      {
        "key": "every",
        "value": 787799
      },
      {
        "key": "goal",
        "value": 392470
      },
      {
        "key": "line",
        "value": 12539
      },
      {
        "key": "rule",
        "value": 36099
      },
      {
        "key": "when",
        "value": 84775
      }
    ],
    "numbers_set": [],
    "ordered_values": [
      1731633127038,
      1736903527038,
      1736557927038
    ]
  }
]
