{
  "rows": [
    {
      "id": "[0, 35, 236, 231, 124, 78, 71, 5, 144, 104, 209, 165, 158, 197, 254, 25]",
      "name": "Debbie Soto",
      "_key": "RowKey([])"
    },
    {
      "id": "[0, 159, 185, 19, 113, 115, 64, 223, 180, 234, 103, 237, 104, 52, 207, 229]",
      "name": "Richard Parker",
      "_key": "RowKey([])"
    },
    {
      "id": "[0, 167, 66, 38, 155, 222, 66, 89, 155, 160, 215, 67, 89, 232, 1, 62]",
      "name": "Andrew Meyers",
      "_key": "RowKey([])"
    }
  ],
  "rows_affected": 3,
  "row_count": 3,
  "columns": [
    {
      "name": "id",
      "data_type": "Text",
      "nullable": true,
      "position": 0
    },
    {
      "name": "name",
      "data_type": "Text",
      "nullable": true,
      "position": 1
    }
  ],
  "performance": {
    "parse_time_us": 0,
    "planning_time_us": 0,
    "execution_time_us": 0,
    "total_time_us": 0,
    "memory_usage_bytes": 0,
    "io_operations": 0,
    "cache_hits": 0,
    "cache_misses": 0,
    "cache_hit_ratio": 0.0
  },
  "warnings": []
}
