error: unused import: `std::collections::HashMap`
error: unused import: `UdtFieldDef`
error: unused imports: `DataType` and `Value`
error: unused imports: `Config` and `Database`
error: unused import: `tempfile::TempDir`
error: unused import: `tempfile::TempDir`
error: unused import: `tempfile::TempDir`
error: unused import: `std::time::UNIX_EPOCH`
error: unused import: `std::collections::HashMap`
error: unused import: `std::io::Cursor`
error: unused import: `super::*`
error: unused import: `crate::Config`
error: unused import: `tempfile::NamedTempFile`
error: unused import: `tempfile::TempDir`
error: unused import: `tempfile::TempDir`
error: unused import: `tempfile::TempDir`
error: unused import: `tempfile::TempDir`
error: unused import: `crate::storage::sstable::SSTableManager`
error: unused variable: `text_value`
error: unused variable: `invalid_uuid`
error: unused variable: `invalid_utf8`
error: unused variable: `empty_data`
error: unused variable: `mixed_data`
error: unused variable: `fake_uuid_1`
error: unused variable: `maybe_timestamp`
error: unused variable: `truncated_uuid`
error: unused variable: `bad_length_prefix`
error: could not compile `cqlite-core` (test "parsing_improvements_test") due to 9 previous errors
error: could not compile `format-validator` (lib) due to 5 previous errors
error: could not compile `cqlite-core` (bin "bti_demo" test) due to 1 previous error
error: could not compile `cqlite-wasm` (lib test) due to 34 previous errors; 5 warnings emitted
error: could not compile `cqlite-cli` (lib test) due to 31 previous errors; 12 warnings emitted
error: unused variable: `parser`
error: unused variable: `has_collection_types`
error: unused variable: `person_def`
error: unused variable: `registry`
error: unused variable: `registry`
error: variable does not need to be mutable
error: variable does not need to be mutable
error: unused variable: `users_dir_pattern`
error: unused variable: `parent`
error: unused variable: `temp_dir`
error: variable does not need to be mutable
error: could not compile `cqlite-core` (lib test) due to 155 previous errors; 2 warnings emitted
