---
source: cqlite-cli/tests/one_shot_e2e_tests.rs
expression: output
---
+---+-------------------------+-------------------------------------------------------------------------------------+-------------------------------------------------------------------------------------------------------------------------------------------------------------------------------------------------------------------------------------------------------------------------------------------------------------------------------------------------------------------------------------------------------------------------------------------------------------------------------------------------------------------------------------------------------------------------+
| # | Table ID                | Row Key                                                                             | Value                                                                                                                                                                                                                                                                                                                                                                                                                                                                                                                                                                   |
+===+=========================+=====================================================================================+=========================================================================================================================================================================================================================================================================================================================================================================================================================================================================================================================================================================+
| 1 | test_basic.simple_table | RowKey([21, 41, 26, 119, 215, 57, 78, 115, 131, 151, 183, 135, 68, 47, 58, 31])     | {'medium_number': 11684, 'small_number': 122, 'varchar_field': 'reveal', 'active': true, 'age': 40, 'salary': 30081, 'created': TIMESTAMP(1759713125394), 'name': 'Mr. James Hoffman', 'work_time': TIME(01:12:05.394017000), 'account_balance': DECIMAL(scale=2, unscaled=[48, 54, 15]), 'duration_val': DURATION(0M 0D 46702000000000ns), 'weight': 60.24, 'birth_date': DATE(20257), 'ip_address': 154.47.65.214, 'description': BLOB(457 bytes), 'height': 1.840000033378601, 'session_id': UUID(78f64100a25111f0a18dd6726a637a4c), 'ascii_field': 'ascii'}         |
+---+-------------------------+-------------------------------------------------------------------------------------+-------------------------------------------------------------------------------------------------------------------------------------------------------------------------------------------------------------------------------------------------------------------------------------------------------------------------------------------------------------------------------------------------------------------------------------------------------------------------------------------------------------------------------------------------------------------------+
| 2 | test_basic.simple_table | RowKey([233, 78, 27, 243, 138, 234, 77, 89, 173, 243, 87, 235, 29, 29, 133, 77])    | {'varchar_field': 'everything', 'age': 76, 'work_time': TIME(01:12:04.942174000), 'active': true, 'description': BLOB(899 bytes), 'salary': 91791, 'name': 'Elizabeth Alvarado', 'duration_val': DURATION(0M 0D 4844000000000ns), 'ip_address': 205.19.7.56, 'height': 1.649999976158142, 'birth_date': DATE(20121), 'account_balance': DECIMAL(scale=2, unscaled=[79, 216, 32]), 'created': TIMESTAMP(1759713124942), 'small_number': 62, 'medium_number': 664, 'ascii_field': 'ascii', 'session_id': UUID(78b14f64a25111f0a18dd6726a637a4c), 'weight': 92.15}         |
+---+-------------------------+-------------------------------------------------------------------------------------+-------------------------------------------------------------------------------------------------------------------------------------------------------------------------------------------------------------------------------------------------------------------------------------------------------------------------------------------------------------------------------------------------------------------------------------------------------------------------------------------------------------------------------------------------------------------------+
| 3 | test_basic.simple_table | RowKey([188, 21, 246, 234, 60, 25, 66, 100, 140, 164, 33, 194, 96, 237, 234, 1])    | {'varchar_field': 'police', 'ip_address': 197.17.68.110, 'duration_val': DURATION(0M 0D 17011000000000ns), 'work_time': TIME(01:12:05.832666000), 'age': 42, 'salary': 66126, 'description': BLOB(426 bytes), 'birth_date': DATE(20266), 'height': 1.559999942779541, 'account_balance': DECIMAL(scale=2, unscaled=[12, 220, 72]), 'weight': 116.36, 'active': true, 'session_id': UUID(79392f6aa25111f0a18dd6726a637a4c), 'small_number': 3, 'created': TIMESTAMP(1759713125832), 'medium_number': 26988, 'name': 'Carlos Johnson', 'ascii_field': 'ascii'}            |
+---+-------------------------+-------------------------------------------------------------------------------------+-------------------------------------------------------------------------------------------------------------------------------------------------------------------------------------------------------------------------------------------------------------------------------------------------------------------------------------------------------------------------------------------------------------------------------------------------------------------------------------------------------------------------------------------------------------------------+
| 4 | test_basic.simple_table | RowKey([87, 21, 68, 134, 196, 210, 70, 213, 188, 146, 253, 192, 244, 29, 197, 122]) | {'session_id': UUID(79408508a25111f0a18dd6726a637a4c), 'weight': 94.94, 'height': 1.8700000047683716, 'created': TIMESTAMP(1759713125880), 'active': false, 'ascii_field': 'ascii', 'work_time': TIME(01:12:05.880717000), 'account_balance': DECIMAL(scale=2, unscaled=[0, 147, 188, 158]), 'birth_date': DATE(20280), 'small_number': 88, 'varchar_field': 'direction', 'name': 'Shawn Watson', 'duration_val': DURATION(0M 0D 20864000000000ns), 'age': 70, 'salary': 159842, 'ip_address': 174.107.200.153, 'medium_number': 17874, 'description': BLOB(826 bytes)} |
+---+-------------------------+-------------------------------------------------------------------------------------+-------------------------------------------------------------------------------------------------------------------------------------------------------------------------------------------------------------------------------------------------------------------------------------------------------------------------------------------------------------------------------------------------------------------------------------------------------------------------------------------------------------------------------------------------------------------------+
| 5 | test_basic.simple_table | RowKey([55, 188, 141, 58, 144, 82, 65, 61, 175, 240, 151, 150, 106, 38, 50, 220])   | {'age': 76, 'ip_address': 203.69.64.16, 'salary': 180274, 'weight': 75.88, 'active': true, 'varchar_field': 'bill', 'small_number': 35, 'account_balance': DECIMAL(scale=2, unscaled=[0, 133, 163, 68]), 'ascii_field': 'ascii', 'birth_date': DATE(20202), 'name': 'Joan Gregory', 'work_time': TIME(01:12:05.936166000), 'description': BLOB(379 bytes), 'height': 1.5499999523162842, 'medium_number': 22653, 'created': TIMESTAMP(1759713125936), 'session_id': UUID(7948fa62a25111f0a18dd6726a637a4c), 'duration_val': DURATION(0M 0D 10159000000000ns)}           |
+---+-------------------------+-------------------------------------------------------------------------------------+-------------------------------------------------------------------------------------------------------------------------------------------------------------------------------------------------------------------------------------------------------------------------------------------------------------------------------------------------------------------------------------------------------------------------------------------------------------------------------------------------------------------------------------------------------------------------+
