---
source: cqlite-cli/tests/one_shot_e2e_tests.rs
expression: output
---
+---+--------------------------------+---------------------------------------------------------------------------------------------------------------------------------------------------------------------------------------------------------------------------------------------------------------------------------------------------------------------------------------------------------------------------------------------------------------------------------------------+------------------------------------------------------------------------------------------------------------------------------------------+
| # | Table ID                       | Row Key                                                                                                                                                                                                                                                                                                                                                                                                                                     | Value                                                                                                                                    |
+===+================================+=============================================================================================================================================================================================================================================================================================================================================================================================================================================+==========================================================================================================================================+
| 1 | test_basic.composite_key_table | RowKey([36, 93, 255, 105, 2, 111, 69, 198, 182, 143, 186, 12, 150, 77, 243, 201])                                                                                                                                                                                                                                                                                                                                                           | {'data': 'Movie expect now board budget.', 'value': 94, 'clustering_key_0': TIMESTAMP(1759713126059), 'clustering_key_1': 'information'} |
+---+--------------------------------+---------------------------------------------------------------------------------------------------------------------------------------------------------------------------------------------------------------------------------------------------------------------------------------------------------------------------------------------------------------------------------------------------------------------------------------------+------------------------------------------------------------------------------------------------------------------------------------------+
| 2 | test_basic.composite_key_table | RowKey([111, 97, 114, 100, 32, 98, 117, 100, 103, 101, 116, 46, 8, 0, 0, 0, 94, 1, 0, 16, 201, 249, 240, 141, 226, 2, 73, 197, 182, 169, 60, 64, 152, 54, 202, 44, 127, 255, 255, 255, 128, 0, 0, 0, 0, 0, 0, 0, 36, 0, 0, 0, 1, 153, 183, 19, 103, 172, 3, 116, 114, 121, 38, 30, 197, 46, 92, 8, 27, 83, 101, 114, 118, 105, 99, 101, 32, 104, 111, 115, 112, 105, 116, 97, 108, 32, 109, 97, 107, 101, 32, 116, 101, 97, 109, 46, 8, 0]) | {'data': '', 'clustering_key_0': NULL, 'value': 9216, 'clustering_key_1': ''}                                                            |
+---+--------------------------------+---------------------------------------------------------------------------------------------------------------------------------------------------------------------------------------------------------------------------------------------------------------------------------------------------------------------------------------------------------------------------------------------------------------------------------------------+------------------------------------------------------------------------------------------------------------------------------------------+
| 3 | test_basic.composite_key_table | RowKey([61, 248, 202, 188, 238, 178, 74, 19, 156, 245, 39, 21, 207, 183, 99, 127])                                                                                                                                                                                                                                                                                                                                                          | {'value': 323, 'clustering_key_0': TIMESTAMP(1759713126040), 'clustering_key_1': 'across', 'data': 'Carry heavy wall pull enter.'}       |
+---+--------------------------------+---------------------------------------------------------------------------------------------------------------------------------------------------------------------------------------------------------------------------------------------------------------------------------------------------------------------------------------------------------------------------------------------------------------------------------------------+------------------------------------------------------------------------------------------------------------------------------------------+
