---
source: cqlite-cli/tests/one_shot_e2e_tests.rs
expression: output
---
+---+-----------------------------------+-------------------------------------------------------------------------------------+--------------------------------------------------------------------------------------------------------------------------------------------------------------------------------------------------------------------------------------------------------+
| # | Table ID                          | Row Key                                                                             | Value                                                                                                                                                                                                                                                  |
+===+===================================+=====================================================================================+========================================================================================================================================================================================================================================================+
| 1 | test_collections.collection_table | RowKey([87, 22, 192, 145, 62, 245, 68, 161, 154, 83, 184, 52, 184, 48, 218, 229])   | {'ordered_values': [TIMESTAMP(1734484327048)], 'numbers_set': {}, 'metadata_map': {'want': 104237}}                                                                                                                                                    |
+---+-----------------------------------+-------------------------------------------------------------------------------------+--------------------------------------------------------------------------------------------------------------------------------------------------------------------------------------------------------------------------------------------------------+
| 2 | test_collections.collection_table | RowKey([141, 8, 227, 164, 168, 177, 70, 151, 137, 87, 130, 187, 222, 209, 227, 67]) | {'numbers_set': {}, 'ordered_values': [TIMESTAMP(1742173927148), TIMESTAMP(1759367527148), TIMESTAMP(1747271527148), TIMESTAMP(1740964327148)], 'metadata_map': {'along': 264406, 'court': 646569, 'his': 43965, 'professor': 992825, 'stop': 818561}} |
+---+-----------------------------------+-------------------------------------------------------------------------------------+--------------------------------------------------------------------------------------------------------------------------------------------------------------------------------------------------------------------------------------------------------+
| 3 | test_collections.collection_table | RowKey([66, 22, 89, 53, 112, 67, 76, 115, 158, 239, 227, 136, 169, 15, 111, 245])   | {'metadata_map': {'exactly': 940987, 'lay': 133107, 'message': 210328, 'worry': 807388}, 'numbers_set': {}, 'ordered_values': [TIMESTAMP(1731201126962), TIMESTAMP(1739841126962), TIMESTAMP(1752887526962)]}                                          |
+---+-----------------------------------+-------------------------------------------------------------------------------------+--------------------------------------------------------------------------------------------------------------------------------------------------------------------------------------------------------------------------------------------------------+
